// Jest Snapshot v1, https://goo.gl/fbAQLP

exports[`<Tooltip /> renders correctly default 1`] = `
<DocumentFragment>
  <div
    class="css-k008qs"
  >
    <button>
      Hover
    </button>
  </div>
  <span
    hidden=""
    id="__chakra_env"
  />
</DocumentFragment>
`;
