// Jest Snapshot v1, https://goo.gl/fbAQLP

exports[`<Dropdown /> renders correctly 1`] = `
<DocumentFragment>
  <div
    class="css-r6z5ec"
    style="visibility: visible; position: absolute; min-width: max-content; inset: 0 auto auto 0;"
  >
    <div
      aria-orientation="vertical"
      class="chakra-menu__menu-list css-12srbko"
      id="menu-list-:r1:"
      role="menu"
      style="transform-origin: var(--popper-transform-origin); visibility: visible; opacity: 1; transform: none;"
      tabindex="-1"
    >
      <div
        class="chakra-stack css-6ekxde"
      >
        <button
          class="chakra-menu__menuitem css-mbp4z0"
          data-index="0"
          data-testid="dropdown-item"
          id="menu-list-:r1:-menuitem-:r2:"
          role="menuitem"
          tabindex="-1"
          type="button"
        >
          <p
            class="css-1a1j0go"
          >
            Dropdow Item
          </p>
        </button>
        <button
          class="chakra-menu__menuitem css-jtq5p1"
          data-index="1"
          data-testid="dropdown-item"
          id="menu-list-:r1:-menuitem-:r3:"
          role="menuitem"
          tabindex="-1"
          type="button"
        >
          <p
            class="css-1a1j0go"
          >
            Dropdow Item
          </p>
        </button>
        <button
          class="chakra-menu__menuitem css-jtq5p1"
          data-index="2"
          data-testid="dropdown-item"
          id="menu-list-:r1:-menuitem-:r4:"
          role="menuitem"
          tabindex="-1"
          type="button"
        >
          <p
            class="css-1a1j0go"
          >
            Dropdow Item
          </p>
        </button>
        <button
          class="chakra-menu__menuitem css-jtq5p1"
          data-index="3"
          data-testid="dropdown-item"
          id="menu-list-:r1:-menuitem-:r5:"
          role="menuitem"
          tabindex="-1"
          type="button"
        >
          <p
            class="css-1a1j0go"
          >
            Dropdow Item
          </p>
        </button>
      </div>
    </div>
  </div>
  <span
    hidden=""
    id="__chakra_env"
  />
</DocumentFragment>
`;
