// Jest Snapshot v1, https://goo.gl/fbAQLP

exports[`Coupons should render correctly 1`] = `
<DocumentFragment>
  <div
    class="chakra-stack css-lj1oo0"
  >
    <div
      class="chakra-tabs css-1bx5ylf"
    >
      <div
        aria-orientation="horizontal"
        class="chakra-tabs__tablist css-1lifx19"
        role="tablist"
      >
        <button
          aria-controls="tabs-:r0:--tabpanel-0"
          aria-selected="true"
          class="chakra-tabs__tab css-1uc8bdt"
          data-index="0"
          id="tabs-:r0:--tab-0"
          role="tab"
          tabindex="0"
          type="button"
        >
          List
        </button>
        <button
          aria-controls="tabs-:r0:--tabpanel-1"
          aria-selected="false"
          class="chakra-tabs__tab css-1uc8bdt"
          data-index="1"
          id="tabs-:r0:--tab-1"
          role="tab"
          tabindex="-1"
          type="button"
        >
          Program coupon
        </button>
        <button
          aria-controls="tabs-:r0:--tabpanel-2"
          aria-selected="false"
          class="chakra-tabs__tab css-1uc8bdt"
          data-index="2"
          id="tabs-:r0:--tab-2"
          role="tab"
          tabindex="-1"
          type="button"
        >
          See coupon
        </button>
        <button
          aria-controls="tabs-:r0:--tabpanel-3"
          aria-selected="false"
          class="chakra-tabs__tab css-1uc8bdt"
          data-index="3"
          id="tabs-:r0:--tab-3"
          role="tab"
          tabindex="-1"
          type="button"
        >
          Holders
        </button>
      </div>
      <div
        class="chakra-tabs__tab-indicator css-1axjpr8"
        style="position: absolute; transition-property: left, right, top, bottom, height, width; transition-duration: 0ms; transition-timing-function: cubic-bezier(0, 0, 0.2, 1); left: 0px; width: 0px;"
      />
      <div
        class="chakra-tabs__tab-panels css-1o421ra"
      >
        <div
          aria-labelledby="tabs-:r0:--tab-0"
          class="chakra-tabs__tab-panel css-1ip3kt8"
          id="tabs-:r0:--tabpanel-0"
          role="tabpanel"
          tabindex="0"
        >
          <div
            class="css-0"
          >
            <div
              class="css-68x580"
            >
              <table
                class="chakra-table css-y9vv58"
                data-testid="table-coupons-list"
              >
                <tbody
                  class="css-0"
                >
                  <tr
                    class="css-tlunve"
                  >
                    <th
                      class="css-u4onf3"
                    >
                      <div
                        class="css-1lekzkb"
                      >
                        <div
                          class="css-zvlevn"
                        >
                          ID
                        </div>
                        <button
                          aria-label="Sort"
                          class="chakra-button css-kdxsnu"
                          type="button"
                        >
                          <svg
                            aria-hidden="true"
                            class="chakra-icon css-ajfcdo"
                            focusable="false"
                            viewBox="0 0 16 16"
                          >
                            <path
                              d="M4.53817 5.19128C4.50027 5.09993 4.49031 4.99939 4.50956 4.90238C4.52881 4.80537 4.57639 4.71624 4.64629 4.64628L7.64629 1.64628C7.69273 1.59979 7.74787 1.56291 7.80857 1.53775C7.86927 1.51258 7.93433 1.49963 8.00004 1.49963C8.06575 1.49963 8.13081 1.51258 8.19151 1.53775C8.25221 1.56291 8.30736 1.59979 8.35379 1.64628L11.3538 4.64628C11.4238 4.7162 11.4715 4.80533 11.4908 4.90237C11.5101 4.99942 11.5002 5.10001 11.4624 5.19142C11.4245 5.28283 11.3603 5.36095 11.278 5.41589C11.1957 5.47082 11.099 5.5001 11 5.50003H5.00004C4.90115 5.50001 4.80449 5.47066 4.72228 5.41571C4.64006 5.36075 4.57599 5.28265 4.53817 5.19128Z"
                              fill="#505B6B"
                            />
                            <path
                              d="M5.00039 10.5H11.0004C11.0993 10.4999 11.1961 10.5292 11.2784 10.5841C11.3607 10.6391 11.4248 10.7172 11.4627 10.8086C11.5006 10.9 11.5105 11.0006 11.4912 11.0977C11.4718 11.1947 11.4241 11.2838 11.3541 11.3538L8.35414 14.3538C8.30771 14.4002 8.25256 14.4371 8.19186 14.4623C8.13116 14.4874 8.0661 14.5004 8.00039 14.5004C7.93469 14.5004 7.86962 14.4874 7.80892 14.4623C7.74822 14.4371 7.69308 14.4002 7.64664 14.3538L4.64664 11.3538C4.57664 11.2838 4.52895 11.1947 4.50963 11.0977C4.4903 11.0006 4.50021 10.9 4.53808 10.8086C4.57596 10.7172 4.64011 10.6391 4.7224 10.5841C4.8047 10.5292 4.90145 10.4999 5.00039 10.5Z"
                              fill="#505B6B"
                            />
                          </svg>
                        </button>
                      </div>
                    </th>
                    <th
                      class="css-u4onf3"
                    >
                      <div
                        class="css-1lekzkb"
                      >
                        <div
                          class="css-zvlevn"
                        >
                          Record Date
                        </div>
                      </div>
                    </th>
                    <th
                      class="css-u4onf3"
                    >
                      <div
                        class="css-1lekzkb"
                      >
                        <div
                          class="css-zvlevn"
                        >
                          Execution Date
                        </div>
                      </div>
                    </th>
                    <th
                      class="css-u4onf3"
                    >
                      <div
                        class="css-1lekzkb"
                      >
                        <div
                          class="css-zvlevn"
                        >
                          Coupon Rate
                        </div>
                      </div>
                    </th>
                    <th
                      class="css-u4onf3"
                    >
                      <div
                        class="css-1lekzkb"
                      >
                        <div
                          class="css-zvlevn"
                        >
                          Snapshot
                        </div>
                      </div>
                    </th>
                  </tr>
                  <tr
                    class="css-1wpwesf"
                    data-testid="row-0"
                  >
                    <td
                      class="css-1kbbn1r"
                    >
                      <div
                        class="css-zvlevn"
                      >
                        <div
                          class="chakra-skeleton css-yixgko"
                        />
                      </div>
                    </td>
                    <td
                      class="css-1kbbn1r"
                    >
                      <div
                        class="css-zvlevn"
                      >
                        <div
                          class="chakra-skeleton css-yixgko"
                        />
                      </div>
                    </td>
                    <td
                      class="css-1kbbn1r"
                    >
                      <div
                        class="css-zvlevn"
                      >
                        <div
                          class="chakra-skeleton css-yixgko"
                        />
                      </div>
                    </td>
                    <td
                      class="css-1kbbn1r"
                    >
                      <div
                        class="css-zvlevn"
                      >
                        <div
                          class="chakra-skeleton css-yixgko"
                        />
                      </div>
                    </td>
                    <td
                      class="css-1kbbn1r"
                    >
                      <div
                        class="css-zvlevn"
                      >
                        <div
                          class="chakra-skeleton css-yixgko"
                        />
                      </div>
                    </td>
                  </tr>
                </tbody>
              </table>
            </div>
          </div>
        </div>
        <div
          aria-labelledby="tabs-:r0:--tab-1"
          class="chakra-tabs__tab-panel css-1ip3kt8"
          hidden=""
          id="tabs-:r0:--tabpanel-1"
          role="tabpanel"
          tabindex="0"
        >
          <div
            class="css-l84sf8"
          >
            <form
              class="chakra-stack css-ip7fdm"
              data-testid="coupons-form"
            >
              <div
                class="chakra-stack css-1h0sumw"
              >
                <div
                  class="chakra-stack css-1nqqhpy"
                >
                  <p
                    class="css-0"
                  >
                    Record date*
                  </p>
                  <div
                    class="css-k008qs"
                  >
                    <svg
                      class="chakra-icon css-kpbtv0"
                      fill="currentColor"
                      focusable="false"
                      height="1em"
                      viewBox="0 0 256 256"
                      width="1em"
                      xmlns="http://www.w3.org/2000/svg"
                    >
                      <path
                        d="M128,24A104,104,0,1,0,232,128,104.11,104.11,0,0,0,128,24Zm0,192a88,88,0,1,1,88-88A88.1,88.1,0,0,1,128,216Zm16-40a8,8,0,0,1-8,8,16,16,0,0,1-16-16V128a8,8,0,0,1,0-16,16,16,0,0,1,16,16v40A8,8,0,0,1,144,176ZM112,84a12,12,0,1,1,12,12A12,12,0,0,1,112,84Z"
                      />
                    </svg>
                  </div>
                </div>
                <div
                  class="chakra-form-control css-1kxonj9"
                  role="group"
                >
                  <label
                    class="css-1fey8w1"
                    for="popover-trigger-:r5:"
                  >
                    <div
                      class="chakra-input__group css-pwmwmr"
                      data-group="true"
                    >
                      <div
                        class="chakra-input__left-element css-irrpsr"
                      >
                        <svg
                          class="chakra-icon css-kpbtv0"
                          fill="currentColor"
                          focusable="false"
                          height="1em"
                          viewBox="0 0 256 256"
                          width="1em"
                          xmlns="http://www.w3.org/2000/svg"
                        >
                          <path
                            d="M208,32H184V24a8,8,0,0,0-16,0v8H88V24a8,8,0,0,0-16,0v8H48A16,16,0,0,0,32,48V208a16,16,0,0,0,16,16H208a16,16,0,0,0,16-16V48A16,16,0,0,0,208,32ZM72,48v8a8,8,0,0,0,16,0V48h80v8a8,8,0,0,0,16,0V48h24V80H48V48ZM208,208H48V96H208V208Z"
                          />
                        </svg>
                      </div>
                      <input
                        aria-controls="popover-content-:r5:"
                        aria-expanded="false"
                        aria-haspopup="dialog"
                        aria-label="Date"
                        autocomplete="off"
                        class="chakra-input css-p6x41e"
                        data-testid="recordTimestamp"
                        id="popover-trigger-:r5:"
                        name="recordTimestamp"
                        placeholder="Select record date"
                        value=""
                      />
                      <div
                        class="chakra-input__right-element css-1akgnmh"
                      >
                        <svg
                          aria-label="Select a date"
                          class="chakra-icon css-c6odlo"
                          fill="currentColor"
                          focusable="false"
                          height="1em"
                          viewBox="0 0 256 256"
                          width="1em"
                          xmlns="http://www.w3.org/2000/svg"
                        >
                          <path
                            d="M213.66,101.66l-80,80a8,8,0,0,1-11.32,0l-80-80A8,8,0,0,1,53.66,90.34L128,164.69l74.34-74.35a8,8,0,0,1,11.32,11.32Z"
                          />
                        </svg>
                      </div>
                    </div>
                  </label>
                  <div
                    class="chakra-popover__popper css-1qq679y"
                    style="visibility: hidden; position: absolute; min-width: max-content; inset: 0 auto auto 0;"
                  >
                    <section
                      class="chakra-popover__content css-19djqmd"
                      id="popover-content-:r5:"
                      role="dialog"
                      style="transform-origin: var(--popper-transform-origin); opacity: 0; visibility: hidden; transform: scale(0.95) translateZ(0);"
                      tabindex="-1"
                    />
                  </div>
                </div>
              </div>
              <div
                class="chakra-stack css-1h0sumw"
              >
                <div
                  class="chakra-stack css-1nqqhpy"
                >
                  <p
                    class="css-0"
                  >
                    Payment date*
                  </p>
                  <div
                    class="css-k008qs"
                  >
                    <svg
                      class="chakra-icon css-kpbtv0"
                      fill="currentColor"
                      focusable="false"
                      height="1em"
                      viewBox="0 0 256 256"
                      width="1em"
                      xmlns="http://www.w3.org/2000/svg"
                    >
                      <path
                        d="M128,24A104,104,0,1,0,232,128,104.11,104.11,0,0,0,128,24Zm0,192a88,88,0,1,1,88-88A88.1,88.1,0,0,1,128,216Zm16-40a8,8,0,0,1-8,8,16,16,0,0,1-16-16V128a8,8,0,0,1,0-16,16,16,0,0,1,16,16v40A8,8,0,0,1,144,176ZM112,84a12,12,0,1,1,12,12A12,12,0,0,1,112,84Z"
                      />
                    </svg>
                  </div>
                </div>
                <div
                  class="chakra-form-control css-1kxonj9"
                  role="group"
                >
                  <label
                    class="css-1fey8w1"
                    for="popover-trigger-:ra:"
                  >
                    <div
                      class="chakra-input__group css-pwmwmr"
                      data-group="true"
                    >
                      <div
                        class="chakra-input__left-element css-irrpsr"
                      >
                        <svg
                          class="chakra-icon css-kpbtv0"
                          fill="currentColor"
                          focusable="false"
                          height="1em"
                          viewBox="0 0 256 256"
                          width="1em"
                          xmlns="http://www.w3.org/2000/svg"
                        >
                          <path
                            d="M208,32H184V24a8,8,0,0,0-16,0v8H88V24a8,8,0,0,0-16,0v8H48A16,16,0,0,0,32,48V208a16,16,0,0,0,16,16H208a16,16,0,0,0,16-16V48A16,16,0,0,0,208,32ZM72,48v8a8,8,0,0,0,16,0V48h80v8a8,8,0,0,0,16,0V48h24V80H48V48ZM208,208H48V96H208V208Z"
                          />
                        </svg>
                      </div>
                      <input
                        aria-controls="popover-content-:ra:"
                        aria-expanded="false"
                        aria-haspopup="dialog"
                        aria-label="Date"
                        autocomplete="off"
                        class="chakra-input css-p6x41e"
                        data-testid="executionTimestamp"
                        id="popover-trigger-:ra:"
                        name="executionTimestamp"
                        placeholder="Select payment date"
                        value=""
                      />
                      <div
                        class="chakra-input__right-element css-1akgnmh"
                      >
                        <svg
                          aria-label="Select a date"
                          class="chakra-icon css-c6odlo"
                          fill="currentColor"
                          focusable="false"
                          height="1em"
                          viewBox="0 0 256 256"
                          width="1em"
                          xmlns="http://www.w3.org/2000/svg"
                        >
                          <path
                            d="M213.66,101.66l-80,80a8,8,0,0,1-11.32,0l-80-80A8,8,0,0,1,53.66,90.34L128,164.69l74.34-74.35a8,8,0,0,1,11.32,11.32Z"
                          />
                        </svg>
                      </div>
                    </div>
                  </label>
                  <div
                    class="chakra-popover__popper css-1qq679y"
                    style="visibility: hidden; position: absolute; min-width: max-content; inset: 0 auto auto 0;"
                  >
                    <section
                      class="chakra-popover__content css-19djqmd"
                      id="popover-content-:ra:"
                      role="dialog"
                      style="transform-origin: var(--popper-transform-origin); opacity: 0; visibility: hidden; transform: scale(0.95) translateZ(0);"
                      tabindex="-1"
                    />
                  </div>
                </div>
              </div>
              <div
                class="chakra-stack css-1h0sumw"
              >
                <div
                  class="chakra-stack css-1nqqhpy"
                >
                  <p
                    class="css-0"
                  >
                    Coupon rate*
                  </p>
                  <div
                    class="css-k008qs"
                  >
                    <svg
                      class="chakra-icon css-kpbtv0"
                      fill="currentColor"
                      focusable="false"
                      height="1em"
                      viewBox="0 0 256 256"
                      width="1em"
                      xmlns="http://www.w3.org/2000/svg"
                    >
                      <path
                        d="M128,24A104,104,0,1,0,232,128,104.11,104.11,0,0,0,128,24Zm0,192a88,88,0,1,1,88-88A88.1,88.1,0,0,1,128,216Zm16-40a8,8,0,0,1-8,8,16,16,0,0,1-16-16V128a8,8,0,0,1,0-16,16,16,0,0,1,16,16v40A8,8,0,0,1,144,176ZM112,84a12,12,0,1,1,12,12A12,12,0,0,1,112,84Z"
                      />
                    </svg>
                  </div>
                </div>
                <div
                  class="chakra-form-control css-1kxonj9"
                  role="group"
                >
                  <label
                    class="css-1fey8w1"
                  >
                    <div
                      class="chakra-input__group css-pwmwmr"
                      data-group="true"
                    >
                      <input
                        class="chakra-input css-ifstuv"
                        data-testid="rate"
                        id="field-:rd:"
                        inputmode="numeric"
                        name="rate"
                        placeholder="0,123%"
                        type="text"
                        value=""
                      />
                    </div>
                  </label>
                </div>
              </div>
              <button
                class="chakra-button css-1i50xze"
                data-tesdtid="send-button"
                data-testid="create-coupon-button"
                disabled=""
                type="submit"
              >
                Send
              </button>
            </form>
          </div>
        </div>
        <div
          aria-labelledby="tabs-:r0:--tab-2"
          class="chakra-tabs__tab-panel css-1ip3kt8"
          hidden=""
          id="tabs-:r0:--tabpanel-2"
          role="tabpanel"
          tabindex="0"
        >
          <div
            class="css-3d6uxt"
          >
            <div
              class="chakra-stack css-owjkmg"
            >
              <form
                class="chakra-stack css-ip7fdm"
                data-testid="coupons-form"
              >
                <div
                  class="chakra-stack css-1h0sumw"
                >
                  <div
                    class="chakra-stack css-1nqqhpy"
                  >
                    <p
                      class="css-0"
                    >
                      Coupon ID*
                    </p>
                    <div
                      class="css-k008qs"
                    >
                      <svg
                        class="chakra-icon css-kpbtv0"
                        fill="currentColor"
                        focusable="false"
                        height="1em"
                        viewBox="0 0 256 256"
                        width="1em"
                        xmlns="http://www.w3.org/2000/svg"
                      >
                        <path
                          d="M128,24A104,104,0,1,0,232,128,104.11,104.11,0,0,0,128,24Zm0,192a88,88,0,1,1,88-88A88.1,88.1,0,0,1,128,216Zm16-40a8,8,0,0,1-8,8,16,16,0,0,1-16-16V128a8,8,0,0,1,0-16,16,16,0,0,1,16,16v40A8,8,0,0,1,144,176ZM112,84a12,12,0,1,1,12,12A12,12,0,0,1,112,84Z"
                        />
                      </svg>
                    </div>
                  </div>
                  <div
                    class="chakra-form-control css-1kxonj9"
                    role="group"
                  >
                    <label
                      class="css-1fey8w1"
                    >
                      <div
                        class="chakra-input__group css-pwmwmr"
                        data-group="true"
                      >
                        <input
                          class="chakra-input css-ifstuv"
                          data-testid="couponId"
                          id="field-:rg:"
                          inputmode="numeric"
                          name="couponId"
                          placeholder="Add ID"
                          type="text"
                          value=""
                        />
                      </div>
                    </label>
                  </div>
                </div>
                <div
                  class="chakra-stack css-1h0sumw"
                >
                  <div
                    class="chakra-stack css-1nqqhpy"
                  >
                    <p
                      class="css-0"
                    >
                      Account ID*
                    </p>
                    <div
                      class="css-k008qs"
                    >
                      <svg
                        class="chakra-icon css-kpbtv0"
                        fill="currentColor"
                        focusable="false"
                        height="1em"
                        viewBox="0 0 256 256"
                        width="1em"
                        xmlns="http://www.w3.org/2000/svg"
                      >
                        <path
                          d="M128,24A104,104,0,1,0,232,128,104.11,104.11,0,0,0,128,24Zm0,192a88,88,0,1,1,88-88A88.1,88.1,0,0,1,128,216Zm16-40a8,8,0,0,1-8,8,16,16,0,0,1-16-16V128a8,8,0,0,1,0-16,16,16,0,0,1,16,16v40A8,8,0,0,1,144,176ZM112,84a12,12,0,1,1,12,12A12,12,0,0,1,112,84Z"
                        />
                      </svg>
                    </div>
                  </div>
                  <div
                    class="chakra-form-control css-1kxonj9"
                    role="group"
                  >
                    <label
                      class="css-1fey8w1"
                      for="targetId"
                    >
                      <div
                        class="chakra-input__group css-pwmwmr"
                        data-group="true"
                      >
                        <input
                          class="chakra-input css-ifstuv"
                          data-testid="targetId"
                          id="targetId"
                          name="targetId"
                          placeholder="Add ID"
                          value=""
                        />
                      </div>
                    </label>
                  </div>
                </div>
                <button
                  class="chakra-button css-1i50xze"
                  data-tesdtid="send-button"
                  disabled=""
                  type="submit"
                >
                   Check
                </button>
              </form>
            </div>
          </div>
        </div>
        <div
          aria-labelledby="tabs-:r0:--tab-3"
          class="chakra-tabs__tab-panel css-1ip3kt8"
          hidden=""
          id="tabs-:r0:--tabpanel-3"
          role="tabpanel"
          tabindex="0"
        >
          <div
            class="css-1811skr"
          >
            <div
              class="chakra-stack css-1dpdux6"
            >
              <div
                class="chakra-form-control css-1kxonj9"
                role="group"
              >
                <label
                  class="css-1fey8w1"
                  for="couponId"
                >
                  <span
                    class="css-1o8l9xj"
                    id="label"
                  >
                    Coupon ID*
                  </span>
                  <div
                    class="chakra-input__group css-pwmwmr"
                    data-group="true"
                  >
                    <input
                      class="chakra-input css-ifstuv"
                      data-testid="couponId"
                      id="couponId"
                      name="couponId"
                      placeholder="1"
                      value=""
                    />
                  </div>
                </label>
              </div>
              <button
                class="chakra-button css-nqintf"
                disabled=""
                type="button"
              >
                Search
              </button>
            </div>
            <div
              class="css-0"
            >
              <div
                class="css-68x580"
              >
                <table
                  class="chakra-table css-y9vv58"
                  data-testid="table-coupons-holders"
                >
                  <tbody
                    class="css-0"
                  >
                    <tr
                      class="css-tlunve"
                    >
                      <th
                        class="css-u4onf3"
                      >
                        <div
                          class="css-1lekzkb"
                        >
                          <div
                            class="css-zvlevn"
                          >
                            Holder address
                          </div>
                        </div>
                      </th>
                    </tr>
                  </tbody>
                </table>
              </div>
              <div
                class="css-yzvkd8"
              >
                <p
                  class="css-0"
                >
                  No data
                </p>
              </div>
            </div>
          </div>
        </div>
      </div>
    </div>
  </div>
  <span
    hidden=""
    id="__chakra_env"
  />
</DocumentFragment>
`;
