// Jest Snapshot v1, https://goo.gl/fbAQLP

exports[`<BarChart /> renders correctly 1`] = `
<DocumentFragment>
  <div
    class="chakra-stack css-egoftb"
  >
    <div
      class="css-9mbr6u"
    >
      <div
        aria-valuemax="100"
        aria-valuemin="0"
        aria-valuenow="10"
        class="css-1nsw7s9"
        role="progressbar"
        style="width: 10%;"
      />
    </div>
    <div
      class="css-9mbr6u"
    >
      <div
        aria-valuemax="100"
        aria-valuemin="0"
        aria-valuenow="20"
        class="css-1nsw7s9"
        role="progressbar"
        style="width: 20%;"
      />
    </div>
    <div
      class="css-9mbr6u"
    >
      <div
        aria-valuemax="100"
        aria-valuemin="0"
        aria-valuenow="30"
        class="css-1nsw7s9"
        role="progressbar"
        style="width: 30%;"
      />
    </div>
    <div
      class="css-9mbr6u"
    >
      <div
        aria-valuemax="100"
        aria-valuemin="0"
        aria-valuenow="40"
        class="css-1nsw7s9"
        role="progressbar"
        style="width: 40%;"
      />
    </div>
    <div
      class="css-9mbr6u"
    >
      <div
        aria-valuemax="100"
        aria-valuemin="0"
        aria-valuenow="50"
        class="css-1nsw7s9"
        role="progressbar"
        style="width: 50%;"
      />
    </div>
    <div
      class="css-9mbr6u"
    >
      <div
        aria-valuemax="100"
        aria-valuemin="0"
        aria-valuenow="60"
        class="css-1nsw7s9"
        role="progressbar"
        style="width: 60%;"
      />
    </div>
    <div
      class="css-9mbr6u"
    >
      <div
        aria-valuemax="100"
        aria-valuemin="0"
        aria-valuenow="70"
        class="css-1nsw7s9"
        role="progressbar"
        style="width: 70%;"
      />
    </div>
    <div
      class="css-9mbr6u"
    >
      <div
        aria-valuemax="100"
        aria-valuemin="0"
        aria-valuenow="80"
        class="css-1nsw7s9"
        role="progressbar"
        style="width: 80%;"
      />
    </div>
  </div>
  <span
    hidden=""
    id="__chakra_env"
  />
</DocumentFragment>
`;

exports[`<BarChart /> renders correctly when isLoading is passed: Using isLoading 1`] = `
<DocumentFragment>
  <div
    class="chakra-stack css-egoftb"
  >
    <div
      class="chakra-skeleton css-z6vw7z"
    />
    <div
      class="chakra-skeleton css-rdh281"
    />
    <div
      class="chakra-skeleton css-12xb90b"
    />
  </div>
  <span
    hidden=""
    id="__chakra_env"
  />
</DocumentFragment>
`;

exports[`<BarChart /> renders correctly when spacingBars is passed: Using spacingBars 1`] = `
<DocumentFragment>
  <div
    class="chakra-stack css-egoftb"
  >
    <div
      class="css-9mbr6u"
    >
      <div
        aria-valuemax="100"
        aria-valuemin="0"
        aria-valuenow="10"
        class="css-1nsw7s9"
        role="progressbar"
        style="width: 10%;"
      />
    </div>
    <div
      class="css-9mbr6u"
    >
      <div
        aria-valuemax="100"
        aria-valuemin="0"
        aria-valuenow="20"
        class="css-1nsw7s9"
        role="progressbar"
        style="width: 20%;"
      />
    </div>
    <div
      class="css-9mbr6u"
    >
      <div
        aria-valuemax="100"
        aria-valuemin="0"
        aria-valuenow="30"
        class="css-1nsw7s9"
        role="progressbar"
        style="width: 30%;"
      />
    </div>
    <div
      class="css-9mbr6u"
    >
      <div
        aria-valuemax="100"
        aria-valuemin="0"
        aria-valuenow="40"
        class="css-1nsw7s9"
        role="progressbar"
        style="width: 40%;"
      />
    </div>
    <div
      class="css-9mbr6u"
    >
      <div
        aria-valuemax="100"
        aria-valuemin="0"
        aria-valuenow="50"
        class="css-1nsw7s9"
        role="progressbar"
        style="width: 50%;"
      />
    </div>
    <div
      class="css-9mbr6u"
    >
      <div
        aria-valuemax="100"
        aria-valuemin="0"
        aria-valuenow="60"
        class="css-1nsw7s9"
        role="progressbar"
        style="width: 60%;"
      />
    </div>
    <div
      class="css-9mbr6u"
    >
      <div
        aria-valuemax="100"
        aria-valuemin="0"
        aria-valuenow="70"
        class="css-1nsw7s9"
        role="progressbar"
        style="width: 70%;"
      />
    </div>
    <div
      class="css-9mbr6u"
    >
      <div
        aria-valuemax="100"
        aria-valuemin="0"
        aria-valuenow="80"
        class="css-1nsw7s9"
        role="progressbar"
        style="width: 80%;"
      />
    </div>
  </div>
  <span
    hidden=""
    id="__chakra_env"
  />
</DocumentFragment>
`;
