// Jest Snapshot v1, https://goo.gl/fbAQLP

exports[`<SearchInputController /> Component renders correctly: RenderWithPlaceholder 1`] = `
<DocumentFragment>
  <div
    class="chakra-form-control css-1kxonj9"
    role="group"
  >
    <label
      class="css-mimi7r"
      for="search"
    >
      <span
        class="css-1e9661m"
        id="label"
      >
        Search
      </span>
      <div
        class="chakra-input__group css-pwmwmr"
        data-group="true"
      >
        <input
          class="chakra-input css-16qaat3"
          data-testid="search"
          id="search"
          name="search"
          placeholder="placeholder"
          value=""
        />
        <div
          class="chakra-input__right-element css-1akgnmh"
        >
          <button
            aria-label="search"
            class="chakra-button css-18vb5xg"
            data-testid="search-icon-button"
            disabled=""
            type="button"
          >
            <svg
              aria-hidden="true"
              class="chakra-icon css-kpbtv0"
              fill="currentColor"
              focusable="false"
              height="1em"
              viewBox="0 0 256 256"
              width="1em"
              xmlns="http://www.w3.org/2000/svg"
            >
              <path
                d="M229.66,218.34l-50.07-50.06a88.11,88.11,0,1,0-11.31,11.31l50.06,50.07a8,8,0,0,0,11.32-11.32ZM40,112a72,72,0,1,1,72,72A72.08,72.08,0,0,1,40,112Z"
              />
            </svg>
          </button>
        </div>
      </div>
    </label>
  </div>
  <span
    hidden=""
    id="__chakra_env"
  />
</DocumentFragment>
`;
