// Jest Snapshot v1, https://goo.gl/fbAQLP

exports[`<PanelTitle/> renders correctly 1`] = `
<DocumentFragment>
  <div
    class="css-146esfn"
  >
    <p
      class="css-dmlij3"
    >
      Panel title
    </p>
  </div>
  <span
    hidden=""
    id="__chakra_env"
  />
</DocumentFragment>
`;
