// Jest Snapshot v1, https://goo.gl/fbAQLP

exports[`<ConfirmationPopUp/> should render the default component 1`] = `
<DocumentFragment>
  <span
    hidden=""
    id="__chakra_env"
  />
</DocumentFragment>
`;
