// Jest Snapshot v1, https://goo.gl/fbAQLP

exports[`<SelectController /> render correctly 1`] = `
Object {
  "asFragment": [Function],
  "baseElement": <body
    class="chakra-ui-light"
  >
    <div>
      <form
        data-testid="form"
      >
        <div
          class="chakra-form-control css-1kxonj9"
          role="group"
        >
          <label
            class="chakra-form__label css-31pxj9"
            for="test"
            id="field-:r0:-label"
          >
            <span
              class="css-1e9661m"
              id="label"
            >
              prueba
            </span>
            <div
              class=" css-b62m3t-container"
              id="test"
            >
              <span
                class="css-1f43avz-a11yText-A11yText"
                id="react-select-2-live-region"
              />
              <span
                aria-atomic="false"
                aria-live="polite"
                aria-relevant="additions text"
                class="css-1f43avz-a11yText-A11yText"
              />
              <div
                class=" css-13cymwt-control"
              >
                <div
                  class=" css-1fdsijx-ValueContainer"
                >
                  <div
                    class=" css-1jqq78o-placeholder"
                    id="react-select-2-placeholder"
                  >
                    testPlaceholder
                  </div>
                  <div
                    class=" css-qbdosj-Input"
                    data-value=""
                  >
                    <input
                      aria-autocomplete="list"
                      aria-describedby="react-select-2-placeholder"
                      aria-expanded="false"
                      aria-haspopup="true"
                      autocapitalize="none"
                      autocomplete="off"
                      autocorrect="off"
                      class=""
                      id="test"
                      role="combobox"
                      spellcheck="false"
                      style="opacity: 1; width: 100%; grid-area: 1 / 2; min-width: 2px; border: 0px; margin: 0px; outline: 0; padding: 0px;"
                      tabindex="0"
                      type="text"
                      value=""
                    />
                  </div>
                </div>
                <div
                  class=" css-1hb7zxy-IndicatorsContainer"
                >
                  <span
                    class=" css-1u9des2-indicatorSeparator"
                  />
                  <div
                    aria-hidden="true"
                    class=" css-1xc3v61-indicatorContainer"
                  >
                    <svg
                      aria-hidden="true"
                      class="css-tj5bde-Svg"
                      focusable="false"
                      height="20"
                      viewBox="0 0 20 20"
                      width="20"
                    >
                      <path
                        d="M4.516 7.548c0.436-0.446 1.043-0.481 1.576 0l3.908 3.747 3.908-3.747c0.533-0.481 1.141-0.446 1.574 0 0.436 0.445 0.408 1.197 0 1.615-0.406 0.418-4.695 4.502-4.695 4.502-0.217 0.223-0.502 0.335-0.787 0.335s-0.57-0.112-0.789-0.335c0 0-4.287-4.084-4.695-4.502s-0.436-1.17 0-1.615z"
                      />
                    </svg>
                  </div>
                </div>
              </div>
              <input
                name="test"
                type="hidden"
                value=""
              />
            </div>
          </label>
        </div>
      </form>
      <span
        hidden=""
        id="__chakra_env"
      />
    </div>
    <div
      class="chakra-portal"
    >
      <div
        aria-live="polite"
        id="chakra-toast-manager-top"
        role="region"
        style="position: fixed; z-index: var(--toast-z-index, 5500); pointer-events: none; display: flex; flex-direction: column; margin: 0px auto;"
      />
      <div
        aria-live="polite"
        id="chakra-toast-manager-top-left"
        role="region"
        style="position: fixed; z-index: var(--toast-z-index, 5500); pointer-events: none; display: flex; flex-direction: column;"
      />
      <div
        aria-live="polite"
        id="chakra-toast-manager-top-right"
        role="region"
        style="position: fixed; z-index: var(--toast-z-index, 5500); pointer-events: none; display: flex; flex-direction: column;"
      />
      <div
        aria-live="polite"
        id="chakra-toast-manager-bottom-left"
        role="region"
        style="position: fixed; z-index: var(--toast-z-index, 5500); pointer-events: none; display: flex; flex-direction: column;"
      />
      <div
        aria-live="polite"
        id="chakra-toast-manager-bottom"
        role="region"
        style="position: fixed; z-index: var(--toast-z-index, 5500); pointer-events: none; display: flex; flex-direction: column; margin: 0px auto;"
      />
      <div
        aria-live="polite"
        id="chakra-toast-manager-bottom-right"
        role="region"
        style="position: fixed; z-index: var(--toast-z-index, 5500); pointer-events: none; display: flex; flex-direction: column;"
      />
    </div>
  </body>,
  "container": <div>
    <form
      data-testid="form"
    >
      <div
        class="chakra-form-control css-1kxonj9"
        role="group"
      >
        <label
          class="chakra-form__label css-31pxj9"
          for="test"
          id="field-:r0:-label"
        >
          <span
            class="css-1e9661m"
            id="label"
          >
            prueba
          </span>
          <div
            class=" css-b62m3t-container"
            id="test"
          >
            <span
              class="css-1f43avz-a11yText-A11yText"
              id="react-select-2-live-region"
            />
            <span
              aria-atomic="false"
              aria-live="polite"
              aria-relevant="additions text"
              class="css-1f43avz-a11yText-A11yText"
            />
            <div
              class=" css-13cymwt-control"
            >
              <div
                class=" css-1fdsijx-ValueContainer"
              >
                <div
                  class=" css-1jqq78o-placeholder"
                  id="react-select-2-placeholder"
                >
                  testPlaceholder
                </div>
                <div
                  class=" css-qbdosj-Input"
                  data-value=""
                >
                  <input
                    aria-autocomplete="list"
                    aria-describedby="react-select-2-placeholder"
                    aria-expanded="false"
                    aria-haspopup="true"
                    autocapitalize="none"
                    autocomplete="off"
                    autocorrect="off"
                    class=""
                    id="test"
                    role="combobox"
                    spellcheck="false"
                    style="opacity: 1; width: 100%; grid-area: 1 / 2; min-width: 2px; border: 0px; margin: 0px; outline: 0; padding: 0px;"
                    tabindex="0"
                    type="text"
                    value=""
                  />
                </div>
              </div>
              <div
                class=" css-1hb7zxy-IndicatorsContainer"
              >
                <span
                  class=" css-1u9des2-indicatorSeparator"
                />
                <div
                  aria-hidden="true"
                  class=" css-1xc3v61-indicatorContainer"
                >
                  <svg
                    aria-hidden="true"
                    class="css-tj5bde-Svg"
                    focusable="false"
                    height="20"
                    viewBox="0 0 20 20"
                    width="20"
                  >
                    <path
                      d="M4.516 7.548c0.436-0.446 1.043-0.481 1.576 0l3.908 3.747 3.908-3.747c0.533-0.481 1.141-0.446 1.574 0 0.436 0.445 0.408 1.197 0 1.615-0.406 0.418-4.695 4.502-4.695 4.502-0.217 0.223-0.502 0.335-0.787 0.335s-0.57-0.112-0.789-0.335c0 0-4.287-4.084-4.695-4.502s-0.436-1.17 0-1.615z"
                    />
                  </svg>
                </div>
              </div>
            </div>
            <input
              name="test"
              type="hidden"
              value=""
            />
          </div>
        </label>
      </div>
    </form>
    <span
      hidden=""
      id="__chakra_env"
    />
  </div>,
  "debug": [Function],
  "findAllByAltText": [Function],
  "findAllByDisplayValue": [Function],
  "findAllByLabelText": [Function],
  "findAllByPlaceholderText": [Function],
  "findAllByRole": [Function],
  "findAllByTestId": [Function],
  "findAllByText": [Function],
  "findAllByTitle": [Function],
  "findByAltText": [Function],
  "findByDisplayValue": [Function],
  "findByLabelText": [Function],
  "findByPlaceholderText": [Function],
  "findByRole": [Function],
  "findByTestId": [Function],
  "findByText": [Function],
  "findByTitle": [Function],
  "getAllByAltText": [Function],
  "getAllByDisplayValue": [Function],
  "getAllByLabelText": [Function],
  "getAllByPlaceholderText": [Function],
  "getAllByRole": [Function],
  "getAllByTestId": [Function],
  "getAllByText": [Function],
  "getAllByTitle": [Function],
  "getByAltText": [Function],
  "getByDisplayValue": [Function],
  "getByLabelText": [Function],
  "getByPlaceholderText": [Function],
  "getByRole": [Function],
  "getByTestId": [Function],
  "getByText": [Function],
  "getByTitle": [Function],
  "queryAllByAltText": [Function],
  "queryAllByDisplayValue": [Function],
  "queryAllByLabelText": [Function],
  "queryAllByPlaceholderText": [Function],
  "queryAllByRole": [Function],
  "queryAllByTestId": [Function],
  "queryAllByText": [Function],
  "queryAllByTitle": [Function],
  "queryByAltText": [Function],
  "queryByDisplayValue": [Function],
  "queryByLabelText": [Function],
  "queryByPlaceholderText": [Function],
  "queryByRole": [Function],
  "queryByTestId": [Function],
  "queryByText": [Function],
  "queryByTitle": [Function],
  "rerender": [Function],
  "unmount": [Function],
}
`;
