// Jest Snapshot v1, https://goo.gl/fbAQLP

exports[`Details should render correctly 1`] = `
<DocumentFragment>
  <div
    class="chakra-stack css-1lzo5bt"
  >
    <div
      class="chakra-stack css-13czc0d"
    >
      <div
        class="chakra-stack css-1yf3ocy"
      >
        <div
          class="chakra-stack css-1yqmcpo"
          data-testid="security-details"
        >
          <div
            class="css-1dixb64"
          >
            <p
              class="chakra-text css-1an6htx"
            >
              Details
            </p>
          </div>
          <div
            class="css-tvba8"
            data-testid="definition-list-item-Name"
            tabindex="0"
          >
            <p
              class="chakra-text css-vbc1qe"
            >
              Name
            </p>
            <p
              class="chakra-text css-uivqlt"
            />
          </div>
          <div
            class="css-tvba8"
            data-testid="definition-list-item-Symbol"
            tabindex="0"
          >
            <p
              class="chakra-text css-vbc1qe"
            >
              Symbol
            </p>
            <p
              class="chakra-text css-uivqlt"
            />
          </div>
          <div
            class="css-tvba8"
            data-testid="definition-list-item-Decimal"
            tabindex="0"
          >
            <p
              class="chakra-text css-vbc1qe"
            >
              Decimal
            </p>
            <p
              class="chakra-text css-uivqlt"
            />
          </div>
          <div
            class="css-tvba8"
            data-testid="definition-list-item-ISIN"
            tabindex="0"
          >
            <p
              class="chakra-text css-vbc1qe"
            >
              ISIN
            </p>
            <p
              class="chakra-text css-uivqlt"
            />
          </div>
          <div
            class="css-tvba8"
            data-testid="definition-list-item-EVM Address"
            tabindex="0"
          >
            <p
              class="chakra-text css-vbc1qe"
            >
              EVM Address
            </p>
            <p
              class="chakra-text css-uivqlt"
            />
          </div>
          <div
            class="css-tvba8"
            data-testid="definition-list-item-ID"
            tabindex="0"
          >
            <p
              class="chakra-text css-vbc1qe"
            >
              ID
            </p>
            <div
              class="css-uivqlt"
            >
              <div
                class="css-1c2za90"
              >
                <p
                  class="css-w4vgn5"
                />
                <button
                  aria-label="Copy to clipboard-undefined"
                  class="chakra-button css-qz167m"
                  type="button"
                >
                  <svg
                    aria-hidden="true"
                    class="chakra-icon css-kpbtv0"
                    fill="currentColor"
                    focusable="false"
                    height="1em"
                    viewBox="0 0 256 256"
                    width="1em"
                    xmlns="http://www.w3.org/2000/svg"
                  >
                    <path
                      d="M184,64H40a8,8,0,0,0-8,8V216a8,8,0,0,0,8,8H184a8,8,0,0,0,8-8V72A8,8,0,0,0,184,64Zm-8,144H48V80H176ZM224,40V184a8,8,0,0,1-16,0V48H72a8,8,0,0,1,0-16H216A8,8,0,0,1,224,40Z"
                    />
                  </svg>
                </button>
                <p
                  class="css-16r1lxz"
                >
                  *Copy and save the ID to import into other browsers.
                </p>
              </div>
            </div>
          </div>
          <div
            class="css-tvba8"
            data-testid="definition-list-item-Currency"
            tabindex="0"
          >
            <p
              class="chakra-text css-vbc1qe"
            >
              Currency
            </p>
            <p
              class="chakra-text css-uivqlt"
            >
              USD
            </p>
          </div>
          <div
            class="css-tvba8"
            data-testid="definition-list-item-Nominal Value"
            tabindex="0"
          >
            <p
              class="chakra-text css-vbc1qe"
            >
              Nominal Value
            </p>
            <p
              class="chakra-text css-uivqlt"
            >
              0.00
            </p>
          </div>
          <div
            class="css-tvba8"
            data-testid="definition-list-item-Max Supply"
            tabindex="0"
          >
            <p
              class="chakra-text css-vbc1qe"
            >
              Max Supply
            </p>
            <p
              class="chakra-text css-uivqlt"
            >
              undefined undefined
            </p>
          </div>
          <div
            class="css-tvba8"
            data-testid="definition-list-item-Total Supply"
            tabindex="0"
          >
            <p
              class="chakra-text css-vbc1qe"
            >
              Total Supply
            </p>
            <p
              class="chakra-text css-uivqlt"
            >
              undefined undefined
            </p>
          </div>
          <div
            class="css-tvba8"
            data-testid="definition-list-item-Pending to be minted"
            tabindex="0"
          >
            <p
              class="chakra-text css-vbc1qe"
            >
              Pending to be minted
            </p>
            <p
              class="chakra-text css-uivqlt"
            >
              0 undefined
            </p>
          </div>
        </div>
      </div>
      <div
        class="chakra-stack css-1yf3ocy"
      >
        <div
          class="chakra-stack css-169eia3"
        >
          <div
            class="css-146esfn"
          >
            <p
              class="css-dmlij3"
            >
              Total Supply
            </p>
          </div>
          <div
            class="css-1jif775"
          >
            <div
              class="chakra-skeleton__group css-1rr4qq7"
            >
              <div
                class="chakra-skeleton css-5dkehc"
              />
            </div>
          </div>
        </div>
        <div
          class="chakra-stack css-1yqmcpo"
        >
          <div
            class="css-1dixb64"
          >
            <p
              class="chakra-text css-1an6htx"
            >
              Permissions
            </p>
          </div>
          <div
            class="css-tvba8"
            data-testid="definition-list-item-Controllable"
            tabindex="0"
          >
            <p
              class="chakra-text css-vbc1qe"
            >
              Controllable
            </p>
            <p
              class="chakra-text css-uivqlt"
            >
              Not allowed
            </p>
          </div>
          <div
            class="css-tvba8"
            data-testid="definition-list-item-Blocklist"
            tabindex="0"
          >
            <p
              class="chakra-text css-vbc1qe"
            >
              Blocklist
            </p>
            <p
              class="chakra-text css-uivqlt"
            >
              Allowed
            </p>
          </div>
          <div
            class="css-tvba8"
            data-testid="definition-list-item-Approval list"
            tabindex="0"
          >
            <p
              class="chakra-text css-vbc1qe"
            >
              Approval list
            </p>
            <p
              class="chakra-text css-uivqlt"
            >
              Not allowed
            </p>
          </div>
        </div>
        <div
          class="chakra-stack css-1yqmcpo"
        >
          <div
            class="css-1dixb64"
          >
            <p
              class="chakra-text css-1an6htx"
            >
              Regulations
            </p>
          </div>
          <div
            class="css-tvba8"
            data-testid="definition-list-item-Regulation type"
            tabindex="0"
          >
            <p
              class="chakra-text css-vbc1qe"
            >
              Regulation type
            </p>
            <p
              class="chakra-text css-uivqlt"
            >
              regulation.regulationType_undefined
            </p>
          </div>
          <div
            class="css-tvba8"
            data-testid="definition-list-item-Regulation sub-type"
            tabindex="0"
          >
            <p
              class="chakra-text css-vbc1qe"
            >
              Regulation sub-type
            </p>
            <p
              class="chakra-text css-uivqlt"
            >
              -
            </p>
          </div>
          <div
            class="css-tvba8"
            data-testid="definition-list-item-Blocked countries"
            tabindex="0"
          >
            <p
              class="chakra-text css-vbc1qe"
            >
              Blocked countries
            </p>
            <p
              class="chakra-text css-uivqlt"
            />
          </div>
          <div
            class="css-tvba8"
            data-testid="definition-list-item-Deal size"
            tabindex="0"
          >
            <p
              class="chakra-text css-vbc1qe"
            >
              Deal size
            </p>
            <p
              class="chakra-text css-uivqlt"
            >
              undefined $
            </p>
          </div>
          <div
            class="css-tvba8"
            data-testid="definition-list-item-Accredited investors"
            tabindex="0"
          >
            <p
              class="chakra-text css-vbc1qe"
            >
              Accredited investors
            </p>
            <p
              class="chakra-text css-uivqlt"
            />
          </div>
          <div
            class="css-tvba8"
            data-testid="definition-list-item-Max non-accredited investors"
            tabindex="0"
          >
            <p
              class="chakra-text css-vbc1qe"
            >
              Max non-accredited investors
            </p>
            <p
              class="chakra-text css-uivqlt"
            >
              undefined
            </p>
          </div>
          <div
            class="css-tvba8"
            data-testid="definition-list-item-Manual investor verification"
            tabindex="0"
          >
            <p
              class="chakra-text css-vbc1qe"
            >
              Manual investor verification
            </p>
            <p
              class="chakra-text css-uivqlt"
            />
          </div>
          <div
            class="css-tvba8"
            data-testid="definition-list-item-International investors"
            tabindex="0"
          >
            <p
              class="chakra-text css-vbc1qe"
            >
              International investors
            </p>
            <p
              class="chakra-text css-uivqlt"
            />
          </div>
          <div
            class="css-tvba8"
            data-testid="definition-list-item-Resale hold period"
            tabindex="0"
          >
            <p
              class="chakra-text css-vbc1qe"
            >
              Resale hold period
            </p>
            <p
              class="chakra-text css-uivqlt"
            />
          </div>
        </div>
        <div
          class="chakra-stack css-n21gh5"
        />
      </div>
    </div>
  </div>
  <span
    hidden=""
    id="__chakra_env"
  />
</DocumentFragment>
`;
